Archive member included to satisfy reference by file (symbol)

c:/program files (x86)/embitz/2.60/share/armgcc/bin/../lib/gcc/arm-none-eabi/9.3.1/thumb/v7e-m/nofp\libgcc.a(_arm_muldf3.o)
                              obj\debug\src\frequency_control.o (__aeabi_dmul)
c:/program files (x86)/embitz/2.60/share/armgcc/bin/../lib/gcc/arm-none-eabi/9.3.1/thumb/v7e-m/nofp\libgcc.a(_arm_mulsf3.o)
                              obj\debug\src\frequency_control.o (__aeabi_fmul)
c:/program files (x86)/embitz/2.60/share/armgcc/bin/../lib/gcc/arm-none-eabi/9.3.1/thumb/v7e-m/nofp\libgcc.a(_arm_addsubdf3.o)
                              obj\debug\src\frequency_control.o (__aeabi_dsub)
c:/program files (x86)/embitz/2.60/share/armgcc/bin/../lib/gcc/arm-none-eabi/9.3.1/thumb/v7e-m/nofp\libgcc.a(_arm_muldivdf3.o)
                              obj\debug\src\frequency_control.o (__aeabi_ddiv)
c:/program files (x86)/embitz/2.60/share/armgcc/bin/../lib/gcc/arm-none-eabi/9.3.1/thumb/v7e-m/nofp\libgcc.a(_arm_fixunsdfsi.o)
                              obj\debug\src\frequency_control.o (__aeabi_d2uiz)
c:/program files (x86)/embitz/2.60/share/armgcc/bin/../lib/gcc/arm-none-eabi/9.3.1/thumb/v7e-m/nofp\libgcc.a(_arm_truncdfsf2.o)
                              obj\debug\src\frequency_control.o (__aeabi_d2f)
c:/program files (x86)/embitz/2.60/share/armgcc/bin/../lib/gcc/arm-none-eabi/9.3.1/thumb/v7e-m/nofp\libgcc.a(_arm_addsubsf3.o)
                              obj\debug\src\frequency_control.o (__aeabi_fsub)
c:/program files (x86)/embitz/2.60/share/armgcc/bin/../lib/gcc/arm-none-eabi/9.3.1/thumb/v7e-m/nofp\libgcc.a(_arm_muldivsf3.o)
                              obj\debug\src\frequency_control.o (__aeabi_fdiv)
c:/program files (x86)/embitz/2.60/share/armgcc/bin/../lib/gcc/arm-none-eabi/9.3.1/thumb/v7e-m/nofp\libgcc.a(_arm_fixsfsi.o)
                              obj\debug\src\stuw81300.o (__aeabi_f2iz)
c:/program files (x86)/embitz/2.60/share/armgcc/bin/../lib/gcc/arm-none-eabi/9.3.1/thumb/v7e-m/nofp\libgcc.a(_arm_fixunssfsi.o)
                              obj\debug\src\frequency_control.o (__aeabi_f2uiz)
c:/program files (x86)/embitz/2.60/share/armgcc/bin/../lib/gcc/arm-none-eabi/9.3.1/thumb/v7e-m/nofp\libgcc.a(_aeabi_ldivmod.o)
                              obj\debug\src\frequency_control.o (__aeabi_ldivmod)
c:/program files (x86)/embitz/2.60/share/armgcc/bin/../lib/gcc/arm-none-eabi/9.3.1/thumb/v7e-m/nofp\libgcc.a(_fixsfdi.o)
                              obj\debug\src\stuw81300.o (__aeabi_f2lz)
c:/program files (x86)/embitz/2.60/share/armgcc/bin/../lib/gcc/arm-none-eabi/9.3.1/thumb/v7e-m/nofp\libgcc.a(_fixunssfdi.o)
                              c:/program files (x86)/embitz/2.60/share/armgcc/bin/../lib/gcc/arm-none-eabi/9.3.1/thumb/v7e-m/nofp\libgcc.a(_fixsfdi.o) (__aeabi_f2ulz)
c:/program files (x86)/embitz/2.60/share/armgcc/bin/../lib/gcc/arm-none-eabi/9.3.1/thumb/v7e-m/nofp\libgcc.a(_udivmoddi4.o)
                              c:/program files (x86)/embitz/2.60/share/armgcc/bin/../lib/gcc/arm-none-eabi/9.3.1/thumb/v7e-m/nofp\libgcc.a(_aeabi_ldivmod.o) (__udivmoddi4)
c:/program files (x86)/embitz/2.60/share/armgcc/bin/../lib/gcc/arm-none-eabi/9.3.1/thumb/v7e-m/nofp\libgcc.a(_dvmd_tls.o)
                              c:/program files (x86)/embitz/2.60/share/armgcc/bin/../lib/gcc/arm-none-eabi/9.3.1/thumb/v7e-m/nofp\libgcc.a(_aeabi_ldivmod.o) (__aeabi_ldiv0)
c:/program files (x86)/embitz/2.60/share/armgcc/bin/../lib/gcc/arm-none-eabi/9.3.1/thumb/v7e-m/nofp\libgcc.a(_arm_cmpsf2.o)
                              c:/program files (x86)/embitz/2.60/share/armgcc/bin/../lib/gcc/arm-none-eabi/9.3.1/thumb/v7e-m/nofp\libgcc.a(_fixsfdi.o) (__aeabi_fcmplt)
c:/program files (x86)/embitz/2.60/share/armgcc/bin/../lib/gcc/arm-none-eabi/9.3.1/../../../../arm-none-eabi/lib/thumb/v7e-m/nofp\libg_nano.a(lib_a-exit.o)
                              c:/program files (x86)/embitz/2.60/share/armgcc/bin/../lib/gcc/arm-none-eabi/9.3.1/../../../../arm-none-eabi/lib/thumb/v7e-m/nofp/crt0.o (exit)
c:/program files (x86)/embitz/2.60/share/armgcc/bin/../lib/gcc/arm-none-eabi/9.3.1/../../../../arm-none-eabi/lib/thumb/v7e-m/nofp\libg_nano.a(lib_a-impure.o)
                              c:/program files (x86)/embitz/2.60/share/armgcc/bin/../lib/gcc/arm-none-eabi/9.3.1/../../../../arm-none-eabi/lib/thumb/v7e-m/nofp\libg_nano.a(lib_a-exit.o) (_global_impure_ptr)
c:/program files (x86)/embitz/2.60/share/armgcc/bin/../lib/gcc/arm-none-eabi/9.3.1/../../../../arm-none-eabi/lib/thumb/v7e-m/nofp\libg_nano.a(lib_a-init.o)
                              c:/program files (x86)/embitz/2.60/share/armgcc/bin/../lib/gcc/arm-none-eabi/9.3.1/../../../../arm-none-eabi/lib/thumb/v7e-m/nofp/crt0.o (__libc_init_array)
c:/program files (x86)/embitz/2.60/share/armgcc/bin/../lib/gcc/arm-none-eabi/9.3.1/../../../../arm-none-eabi/lib/thumb/v7e-m/nofp\libg_nano.a(lib_a-memset.o)
                              c:/program files (x86)/embitz/2.60/share/armgcc/bin/../lib/gcc/arm-none-eabi/9.3.1/../../../../arm-none-eabi/lib/thumb/v7e-m/nofp/crt0.o (memset)
c:/program files (x86)/embitz/2.60/share/armgcc/bin/../lib/gcc/arm-none-eabi/9.3.1/../../../../arm-none-eabi/lib/thumb/v7e-m/nofp\libnosys.a(_exit.o)
                              c:/program files (x86)/embitz/2.60/share/armgcc/bin/../lib/gcc/arm-none-eabi/9.3.1/../../../../arm-none-eabi/lib/thumb/v7e-m/nofp\libg_nano.a(lib_a-exit.o) (_exit)

Allocating common symbols
Common symbol       size              file

shift_reg           0x23              obj\debug\src\shift_reg.o
MAX2870_PLL_SA      0x24              obj\debug\src\max2870.o
frequencySweep      0x3c              obj\debug\src\frequency_control.o
MAX2870_reg         0x24              obj\debug\src\max2870.o
buffer              0x14              obj\debug\src\main.o
MAX2870_PLL_TG      0x24              obj\debug\src\max2870.o

Discarded input sections

 .text          0x00000000        0x0 c:/program files (x86)/embitz/2.60/share/armgcc/bin/../lib/gcc/arm-none-eabi/9.3.1/thumb/v7e-m/nofp/crti.o
 .data          0x00000000        0x0 c:/program files (x86)/embitz/2.60/share/armgcc/bin/../lib/gcc/arm-none-eabi/9.3.1/thumb/v7e-m/nofp/crti.o
 .bss           0x00000000        0x0 c:/program files (x86)/embitz/2.60/share/armgcc/bin/../lib/gcc/arm-none-eabi/9.3.1/thumb/v7e-m/nofp/crti.o
 .data          0x00000000        0x4 c:/program files (x86)/embitz/2.60/share/armgcc/bin/../lib/gcc/arm-none-eabi/9.3.1/thumb/v7e-m/nofp/crtbegin.o
 .text          0x00000000       0x7c c:/program files (x86)/embitz/2.60/share/armgcc/bin/../lib/gcc/arm-none-eabi/9.3.1/../../../../arm-none-eabi/lib/thumb/v7e-m/nofp/crt0.o
 .data          0x00000000        0x0 c:/program files (x86)/embitz/2.60/share/armgcc/bin/../lib/gcc/arm-none-eabi/9.3.1/../../../../arm-none-eabi/lib/thumb/v7e-m/nofp/crt0.o
 .bss           0x00000000        0x0 c:/program files (x86)/embitz/2.60/share/armgcc/bin/../lib/gcc/arm-none-eabi/9.3.1/../../../../arm-none-eabi/lib/thumb/v7e-m/nofp/crt0.o
 .ARM.extab     0x00000000        0x0 c:/program files (x86)/embitz/2.60/share/armgcc/bin/../lib/gcc/arm-none-eabi/9.3.1/../../../../arm-none-eabi/lib/thumb/v7e-m/nofp/crt0.o
 .ARM.exidx     0x00000000       0x10 c:/program files (x86)/embitz/2.60/share/armgcc/bin/../lib/gcc/arm-none-eabi/9.3.1/../../../../arm-none-eabi/lib/thumb/v7e-m/nofp/crt0.o
 .ARM.attributes
                0x00000000       0x1c c:/program files (x86)/embitz/2.60/share/armgcc/bin/../lib/gcc/arm-none-eabi/9.3.1/../../../../arm-none-eabi/lib/thumb/v7e-m/nofp/crt0.o
 .text          0x00000000       0x14 obj\debug\src\startup_stm32g441xx.o
 .data          0x00000000        0x0 obj\debug\src\startup_stm32g441xx.o
 .bss           0x00000000        0x0 obj\debug\src\startup_stm32g441xx.o
 .data          0x00000000        0x0 obj\debug\src\frequency_control.o
 .bss           0x00000000        0x0 obj\debug\src\frequency_control.o
 .bss           0x00000000        0x0 obj\debug\src\lmx2491.o
 .data          0x00000000        0x0 obj\debug\src\max2870.o
 .bss           0x00000000        0x0 obj\debug\src\max2870.o
 .data          0x00000000        0x0 obj\debug\src\pe43711.o
 .bss           0x00000000        0x0 obj\debug\src\pe43711.o
 .data          0x00000000        0x0 obj\debug\src\shift_reg.o
 .bss           0x00000000        0x0 obj\debug\src\shift_reg.o
 .text          0x00000000      0x108 obj\debug\src\spi_comm.o
 .data          0x00000000        0x0 obj\debug\src\spi_comm.o
 .bss           0x00000000        0x0 obj\debug\src\spi_comm.o
 .debug_info    0x00000000      0x985 obj\debug\src\spi_comm.o
 .debug_abbrev  0x00000000      0x195 obj\debug\src\spi_comm.o
 .debug_aranges
                0x00000000       0x20 obj\debug\src\spi_comm.o
 .debug_line    0x00000000      0x1b5 obj\debug\src\spi_comm.o
 .debug_str     0x00000000      0x8a8 obj\debug\src\spi_comm.o
 .comment       0x00000000       0x4d obj\debug\src\spi_comm.o
 .debug_frame   0x00000000       0x9c obj\debug\src\spi_comm.o
 .ARM.attributes
                0x00000000       0x2e obj\debug\src\spi_comm.o
 .data          0x00000000        0x0 obj\debug\src\delay.o
 .bss           0x00000000        0x0 obj\debug\src\delay.o
 .bss           0x00000000        0x0 obj\debug\src\stuw81300.o
 .bss           0x00000000        0x0 obj\debug\src\system_stm32g4xx.o
 .data          0x00000000        0x0 obj\debug\src\usart.o
 .bss           0x00000000        0x0 obj\debug\src\usart.o
 .text          0x00000000      0x254 c:/program files (x86)/embitz/2.60/share/armgcc/bin/../lib/gcc/arm-none-eabi/9.3.1/thumb/v7e-m/nofp\libgcc.a(_arm_muldf3.o)
 .data          0x00000000        0x0 c:/program files (x86)/embitz/2.60/share/armgcc/bin/../lib/gcc/arm-none-eabi/9.3.1/thumb/v7e-m/nofp\libgcc.a(_arm_muldf3.o)
 .bss           0x00000000        0x0 c:/program files (x86)/embitz/2.60/share/armgcc/bin/../lib/gcc/arm-none-eabi/9.3.1/thumb/v7e-m/nofp\libgcc.a(_arm_muldf3.o)
 .debug_frame   0x00000000       0x30 c:/program files (x86)/embitz/2.60/share/armgcc/bin/../lib/gcc/arm-none-eabi/9.3.1/thumb/v7e-m/nofp\libgcc.a(_arm_muldf3.o)
 .ARM.attributes
                0x00000000       0x1e c:/program files (x86)/embitz/2.60/share/armgcc/bin/../lib/gcc/arm-none-eabi/9.3.1/thumb/v7e-m/nofp\libgcc.a(_arm_muldf3.o)
 .text          0x00000000      0x168 c:/program files (x86)/embitz/2.60/share/armgcc/bin/../lib/gcc/arm-none-eabi/9.3.1/thumb/v7e-m/nofp\libgcc.a(_arm_mulsf3.o)
 .data          0x00000000        0x0 c:/program files (x86)/embitz/2.60/share/armgcc/bin/../lib/gcc/arm-none-eabi/9.3.1/thumb/v7e-m/nofp\libgcc.a(_arm_mulsf3.o)
 .bss           0x00000000        0x0 c:/program files (x86)/embitz/2.60/share/armgcc/bin/../lib/gcc/arm-none-eabi/9.3.1/thumb/v7e-m/nofp\libgcc.a(_arm_mulsf3.o)
 .debug_frame   0x00000000       0x24 c:/program files (x86)/embitz/2.60/share/armgcc/bin/../lib/gcc/arm-none-eabi/9.3.1/thumb/v7e-m/nofp\libgcc.a(_arm_mulsf3.o)
 .ARM.attributes
                0x00000000       0x1e c:/program files (x86)/embitz/2.60/share/armgcc/bin/../lib/gcc/arm-none-eabi/9.3.1/thumb/v7e-m/nofp\libgcc.a(_arm_mulsf3.o)
 .data          0x00000000        0x0 c:/program files (x86)/embitz/2.60/share/armgcc/bin/../lib/gcc/arm-none-eabi/9.3.1/thumb/v7e-m/nofp\libgcc.a(_arm_addsubdf3.o)
 .bss           0x00000000        0x0 c:/program files (x86)/embitz/2.60/share/armgcc/bin/../lib/gcc/arm-none-eabi/9.3.1/thumb/v7e-m/nofp\libgcc.a(_arm_addsubdf3.o)
 .data          0x00000000        0x0 c:/program files (x86)/embitz/2.60/share/armgcc/bin/../lib/gcc/arm-none-eabi/9.3.1/thumb/v7e-m/nofp\libgcc.a(_arm_muldivdf3.o)
 .bss           0x00000000        0x0 c:/program files (x86)/embitz/2.60/share/armgcc/bin/../lib/gcc/arm-none-eabi/9.3.1/thumb/v7e-m/nofp\libgcc.a(_arm_muldivdf3.o)
 .data          0x00000000        0x0 c:/program files (x86)/embitz/2.60/share/armgcc/bin/../lib/gcc/arm-none-eabi/9.3.1/thumb/v7e-m/nofp\libgcc.a(_arm_fixunsdfsi.o)
 .bss           0x00000000        0x0 c:/program files (x86)/embitz/2.60/share/armgcc/bin/../lib/gcc/arm-none-eabi/9.3.1/thumb/v7e-m/nofp\libgcc.a(_arm_fixunsdfsi.o)
 .data          0x00000000        0x0 c:/program files (x86)/embitz/2.60/share/armgcc/bin/../lib/gcc/arm-none-eabi/9.3.1/thumb/v7e-m/nofp\libgcc.a(_arm_truncdfsf2.o)
 .bss           0x00000000        0x0 c:/program files (x86)/embitz/2.60/share/armgcc/bin/../lib/gcc/arm-none-eabi/9.3.1/thumb/v7e-m/nofp\libgcc.a(_arm_truncdfsf2.o)
 .data          0x00000000        0x0 c:/program files (x86)/embitz/2.60/share/armgcc/bin/../lib/gcc/arm-none-eabi/9.3.1/thumb/v7e-m/nofp\libgcc.a(_arm_addsubsf3.o)
 .bss           0x00000000        0x0 c:/program files (x86)/embitz/2.60/share/armgcc/bin/../lib/gcc/arm-none-eabi/9.3.1/thumb/v7e-m/nofp\libgcc.a(_arm_addsubsf3.o)
 .data          0x00000000        0x0 c:/program files (x86)/embitz/2.60/share/armgcc/bin/../lib/gcc/arm-none-eabi/9.3.1/thumb/v7e-m/nofp\libgcc.a(_arm_muldivsf3.o)
 .bss           0x00000000        0x0 c:/program files (x86)/embitz/2.60/share/armgcc/bin/../lib/gcc/arm-none-eabi/9.3.1/thumb/v7e-m/nofp\libgcc.a(_arm_muldivsf3.o)
 .data          0x00000000        0x0 c:/program files (x86)/embitz/2.60/share/armgcc/bin/../lib/gcc/arm-none-eabi/9.3.1/thumb/v7e-m/nofp\libgcc.a(_arm_fixsfsi.o)
 .bss           0x00000000        0x0 c:/program files (x86)/embitz/2.60/share/armgcc/bin/../lib/gcc/arm-none-eabi/9.3.1/thumb/v7e-m/nofp\libgcc.a(_arm_fixsfsi.o)
 .data          0x00000000        0x0 c:/program files (x86)/embitz/2.60/share/armgcc/bin/../lib/gcc/arm-none-eabi/9.3.1/thumb/v7e-m/nofp\libgcc.a(_arm_fixunssfsi.o)
 .bss           0x00000000        0x0 c:/program files (x86)/embitz/2.60/share/armgcc/bin/../lib/gcc/arm-none-eabi/9.3.1/thumb/v7e-m/nofp\libgcc.a(_arm_fixunssfsi.o)
 .data          0x00000000        0x0 c:/program files (x86)/embitz/2.60/share/armgcc/bin/../lib/gcc/arm-none-eabi/9.3.1/thumb/v7e-m/nofp\libgcc.a(_aeabi_ldivmod.o)
 .bss           0x00000000        0x0 c:/program files (x86)/embitz/2.60/share/armgcc/bin/../lib/gcc/arm-none-eabi/9.3.1/thumb/v7e-m/nofp\libgcc.a(_aeabi_ldivmod.o)
 .data          0x00000000        0x0 c:/program files (x86)/embitz/2.60/share/armgcc/bin/../lib/gcc/arm-none-eabi/9.3.1/thumb/v7e-m/nofp\libgcc.a(_fixsfdi.o)
 .bss           0x00000000        0x0 c:/program files (x86)/embitz/2.60/share/armgcc/bin/../lib/gcc/arm-none-eabi/9.3.1/thumb/v7e-m/nofp\libgcc.a(_fixsfdi.o)
 .data          0x00000000        0x0 c:/program files (x86)/embitz/2.60/share/armgcc/bin/../lib/gcc/arm-none-eabi/9.3.1/thumb/v7e-m/nofp\libgcc.a(_fixunssfdi.o)
 .bss           0x00000000        0x0 c:/program files (x86)/embitz/2.60/share/armgcc/bin/../lib/gcc/arm-none-eabi/9.3.1/thumb/v7e-m/nofp\libgcc.a(_fixunssfdi.o)
 .data          0x00000000        0x0 c:/program files (x86)/embitz/2.60/share/armgcc/bin/../lib/gcc/arm-none-eabi/9.3.1/thumb/v7e-m/nofp\libgcc.a(_udivmoddi4.o)
 .bss           0x00000000        0x0 c:/program files (x86)/embitz/2.60/share/armgcc/bin/../lib/gcc/arm-none-eabi/9.3.1/thumb/v7e-m/nofp\libgcc.a(_udivmoddi4.o)
 .ARM.extab     0x00000000        0x0 c:/program files (x86)/embitz/2.60/share/armgcc/bin/../lib/gcc/arm-none-eabi/9.3.1/thumb/v7e-m/nofp\libgcc.a(_udivmoddi4.o)
 .data          0x00000000        0x0 c:/program files (x86)/embitz/2.60/share/armgcc/bin/../lib/gcc/arm-none-eabi/9.3.1/thumb/v7e-m/nofp\libgcc.a(_dvmd_tls.o)
 .bss           0x00000000        0x0 c:/program files (x86)/embitz/2.60/share/armgcc/bin/../lib/gcc/arm-none-eabi/9.3.1/thumb/v7e-m/nofp\libgcc.a(_dvmd_tls.o)
 .data          0x00000000        0x0 c:/program files (x86)/embitz/2.60/share/armgcc/bin/../lib/gcc/arm-none-eabi/9.3.1/thumb/v7e-m/nofp\libgcc.a(_arm_cmpsf2.o)
 .bss           0x00000000        0x0 c:/program files (x86)/embitz/2.60/share/armgcc/bin/../lib/gcc/arm-none-eabi/9.3.1/thumb/v7e-m/nofp\libgcc.a(_arm_cmpsf2.o)
 .text          0x00000000        0x0 c:/program files (x86)/embitz/2.60/share/armgcc/bin/../lib/gcc/arm-none-eabi/9.3.1/../../../../arm-none-eabi/lib/thumb/v7e-m/nofp\libg_nano.a(lib_a-exit.o)
 .data          0x00000000        0x0 c:/program files (x86)/embitz/2.60/share/armgcc/bin/../lib/gcc/arm-none-eabi/9.3.1/../../../../arm-none-eabi/lib/thumb/v7e-m/nofp\libg_nano.a(lib_a-exit.o)
 .bss           0x00000000        0x0 c:/program files (x86)/embitz/2.60/share/armgcc/bin/../lib/gcc/arm-none-eabi/9.3.1/../../../../arm-none-eabi/lib/thumb/v7e-m/nofp\libg_nano.a(lib_a-exit.o)
 .text.exit     0x00000000       0x28 c:/program files (x86)/embitz/2.60/share/armgcc/bin/../lib/gcc/arm-none-eabi/9.3.1/../../../../arm-none-eabi/lib/thumb/v7e-m/nofp\libg_nano.a(lib_a-exit.o)
 .debug_frame   0x00000000       0x28 c:/program files (x86)/embitz/2.60/share/armgcc/bin/../lib/gcc/arm-none-eabi/9.3.1/../../../../arm-none-eabi/lib/thumb/v7e-m/nofp\libg_nano.a(lib_a-exit.o)
 .ARM.attributes
                0x00000000       0x2e c:/program files (x86)/embitz/2.60/share/armgcc/bin/../lib/gcc/arm-none-eabi/9.3.1/../../../../arm-none-eabi/lib/thumb/v7e-m/nofp\libg_nano.a(lib_a-exit.o)
 .text          0x00000000        0x0 c:/program files (x86)/embitz/2.60/share/armgcc/bin/../lib/gcc/arm-none-eabi/9.3.1/../../../../arm-none-eabi/lib/thumb/v7e-m/nofp\libg_nano.a(lib_a-impure.o)
 .data          0x00000000        0x0 c:/program files (x86)/embitz/2.60/share/armgcc/bin/../lib/gcc/arm-none-eabi/9.3.1/../../../../arm-none-eabi/lib/thumb/v7e-m/nofp\libg_nano.a(lib_a-impure.o)
 .bss           0x00000000        0x0 c:/program files (x86)/embitz/2.60/share/armgcc/bin/../lib/gcc/arm-none-eabi/9.3.1/../../../../arm-none-eabi/lib/thumb/v7e-m/nofp\libg_nano.a(lib_a-impure.o)
 .data._impure_ptr
                0x00000000        0x4 c:/program files (x86)/embitz/2.60/share/armgcc/bin/../lib/gcc/arm-none-eabi/9.3.1/../../../../arm-none-eabi/lib/thumb/v7e-m/nofp\libg_nano.a(lib_a-impure.o)
 .data.impure_data
                0x00000000       0x60 c:/program files (x86)/embitz/2.60/share/armgcc/bin/../lib/gcc/arm-none-eabi/9.3.1/../../../../arm-none-eabi/lib/thumb/v7e-m/nofp\libg_nano.a(lib_a-impure.o)
 .rodata._global_impure_ptr
                0x00000000        0x4 c:/program files (x86)/embitz/2.60/share/armgcc/bin/../lib/gcc/arm-none-eabi/9.3.1/../../../../arm-none-eabi/lib/thumb/v7e-m/nofp\libg_nano.a(lib_a-impure.o)
 .ARM.attributes
                0x00000000       0x2e c:/program files (x86)/embitz/2.60/share/armgcc/bin/../lib/gcc/arm-none-eabi/9.3.1/../../../../arm-none-eabi/lib/thumb/v7e-m/nofp\libg_nano.a(lib_a-impure.o)
 .text          0x00000000        0x0 c:/program files (x86)/embitz/2.60/share/armgcc/bin/../lib/gcc/arm-none-eabi/9.3.1/../../../../arm-none-eabi/lib/thumb/v7e-m/nofp\libg_nano.a(lib_a-init.o)
 .data          0x00000000        0x0 c:/program files (x86)/embitz/2.60/share/armgcc/bin/../lib/gcc/arm-none-eabi/9.3.1/../../../../arm-none-eabi/lib/thumb/v7e-m/nofp\libg_nano.a(lib_a-init.o)
 .bss           0x00000000        0x0 c:/program files (x86)/embitz/2.60/share/armgcc/bin/../lib/gcc/arm-none-eabi/9.3.1/../../../../arm-none-eabi/lib/thumb/v7e-m/nofp\libg_nano.a(lib_a-init.o)
 .text.__libc_init_array
                0x00000000       0x48 c:/program files (x86)/embitz/2.60/share/armgcc/bin/../lib/gcc/arm-none-eabi/9.3.1/../../../../arm-none-eabi/lib/thumb/v7e-m/nofp\libg_nano.a(lib_a-init.o)
 .debug_frame   0x00000000       0x2c c:/program files (x86)/embitz/2.60/share/armgcc/bin/../lib/gcc/arm-none-eabi/9.3.1/../../../../arm-none-eabi/lib/thumb/v7e-m/nofp\libg_nano.a(lib_a-init.o)
 .ARM.attributes
                0x00000000       0x2e c:/program files (x86)/embitz/2.60/share/armgcc/bin/../lib/gcc/arm-none-eabi/9.3.1/../../../../arm-none-eabi/lib/thumb/v7e-m/nofp\libg_nano.a(lib_a-init.o)
 .text          0x00000000        0x0 c:/program files (x86)/embitz/2.60/share/armgcc/bin/../lib/gcc/arm-none-eabi/9.3.1/../../../../arm-none-eabi/lib/thumb/v7e-m/nofp\libg_nano.a(lib_a-memset.o)
 .data          0x00000000        0x0 c:/program files (x86)/embitz/2.60/share/armgcc/bin/../lib/gcc/arm-none-eabi/9.3.1/../../../../arm-none-eabi/lib/thumb/v7e-m/nofp\libg_nano.a(lib_a-memset.o)
 .bss           0x00000000        0x0 c:/program files (x86)/embitz/2.60/share/armgcc/bin/../lib/gcc/arm-none-eabi/9.3.1/../../../../arm-none-eabi/lib/thumb/v7e-m/nofp\libg_nano.a(lib_a-memset.o)
 .text.memset   0x00000000       0x10 c:/program files (x86)/embitz/2.60/share/armgcc/bin/../lib/gcc/arm-none-eabi/9.3.1/../../../../arm-none-eabi/lib/thumb/v7e-m/nofp\libg_nano.a(lib_a-memset.o)
 .debug_frame   0x00000000       0x20 c:/program files (x86)/embitz/2.60/share/armgcc/bin/../lib/gcc/arm-none-eabi/9.3.1/../../../../arm-none-eabi/lib/thumb/v7e-m/nofp\libg_nano.a(lib_a-memset.o)
 .ARM.attributes
                0x00000000       0x2e c:/program files (x86)/embitz/2.60/share/armgcc/bin/../lib/gcc/arm-none-eabi/9.3.1/../../../../arm-none-eabi/lib/thumb/v7e-m/nofp\libg_nano.a(lib_a-memset.o)
 .text          0x00000000        0x0 c:/program files (x86)/embitz/2.60/share/armgcc/bin/../lib/gcc/arm-none-eabi/9.3.1/../../../../arm-none-eabi/lib/thumb/v7e-m/nofp\libnosys.a(_exit.o)
 .data          0x00000000        0x0 c:/program files (x86)/embitz/2.60/share/armgcc/bin/../lib/gcc/arm-none-eabi/9.3.1/../../../../arm-none-eabi/lib/thumb/v7e-m/nofp\libnosys.a(_exit.o)
 .bss           0x00000000        0x0 c:/program files (x86)/embitz/2.60/share/armgcc/bin/../lib/gcc/arm-none-eabi/9.3.1/../../../../arm-none-eabi/lib/thumb/v7e-m/nofp\libnosys.a(_exit.o)
 .text._exit    0x00000000        0x4 c:/program files (x86)/embitz/2.60/share/armgcc/bin/../lib/gcc/arm-none-eabi/9.3.1/../../../../arm-none-eabi/lib/thumb/v7e-m/nofp\libnosys.a(_exit.o)
 .debug_frame   0x00000000       0x20 c:/program files (x86)/embitz/2.60/share/armgcc/bin/../lib/gcc/arm-none-eabi/9.3.1/../../../../arm-none-eabi/lib/thumb/v7e-m/nofp\libnosys.a(_exit.o)
 .ARM.attributes
                0x00000000       0x2e c:/program files (x86)/embitz/2.60/share/armgcc/bin/../lib/gcc/arm-none-eabi/9.3.1/../../../../arm-none-eabi/lib/thumb/v7e-m/nofp\libnosys.a(_exit.o)
 .text          0x00000000        0x0 c:/program files (x86)/embitz/2.60/share/armgcc/bin/../lib/gcc/arm-none-eabi/9.3.1/thumb/v7e-m/nofp/crtend.o
 .data          0x00000000        0x0 c:/program files (x86)/embitz/2.60/share/armgcc/bin/../lib/gcc/arm-none-eabi/9.3.1/thumb/v7e-m/nofp/crtend.o
 .bss           0x00000000        0x0 c:/program files (x86)/embitz/2.60/share/armgcc/bin/../lib/gcc/arm-none-eabi/9.3.1/thumb/v7e-m/nofp/crtend.o
 .eh_frame      0x00000000        0x4 c:/program files (x86)/embitz/2.60/share/armgcc/bin/../lib/gcc/arm-none-eabi/9.3.1/thumb/v7e-m/nofp/crtend.o
 .ARM.attributes
                0x00000000       0x2e c:/program files (x86)/embitz/2.60/share/armgcc/bin/../lib/gcc/arm-none-eabi/9.3.1/thumb/v7e-m/nofp/crtend.o
 .text          0x00000000        0x0 c:/program files (x86)/embitz/2.60/share/armgcc/bin/../lib/gcc/arm-none-eabi/9.3.1/thumb/v7e-m/nofp/crtn.o
 .data          0x00000000        0x0 c:/program files (x86)/embitz/2.60/share/armgcc/bin/../lib/gcc/arm-none-eabi/9.3.1/thumb/v7e-m/nofp/crtn.o
 .bss           0x00000000        0x0 c:/program files (x86)/embitz/2.60/share/armgcc/bin/../lib/gcc/arm-none-eabi/9.3.1/thumb/v7e-m/nofp/crtn.o

Memory Configuration

Name             Origin             Length             Attributes
FLASH            0x08000000         0x00020000         xr
RAM              0x20000000         0x00008000         xrw
*default*        0x00000000         0xffffffff

Linker script and memory map

LOAD c:/program files (x86)/embitz/2.60/share/armgcc/bin/../lib/gcc/arm-none-eabi/9.3.1/thumb/v7e-m/nofp/crti.o
LOAD c:/program files (x86)/embitz/2.60/share/armgcc/bin/../lib/gcc/arm-none-eabi/9.3.1/thumb/v7e-m/nofp/crtbegin.o
LOAD c:/program files (x86)/embitz/2.60/share/armgcc/bin/../lib/gcc/arm-none-eabi/9.3.1/../../../../arm-none-eabi/lib/thumb/v7e-m/nofp/crt0.o
                0x00000000                __HEAP_SIZE = 0x0
                0x00000100                __STACK_SIZE = 0x100
                0x00000000                _Min_Heap_Size = __HEAP_SIZE
                0x00000100                _Min_Stack_Size = __STACK_SIZE
                0x20008000                _estack = (ORIGIN (RAM) + LENGTH (RAM))

.isr_vector     0x08000000      0x1d8
                0x08000000                . = ALIGN (0x4)
 *(.isr_vector)
 .isr_vector    0x08000000      0x1d8 obj\debug\src\startup_stm32g441xx.o
                0x08000000                g_pfnVectors
                0x080001d8                . = ALIGN (0x4)

.text           0x080001d8     0x47a0
                0x080001d8                . = ALIGN (0x4)
 *(.text)
 .text          0x080001d8       0x40 c:/program files (x86)/embitz/2.60/share/armgcc/bin/../lib/gcc/arm-none-eabi/9.3.1/thumb/v7e-m/nofp/crtbegin.o
 .text          0x08000218      0xa9c obj\debug\src\frequency_control.o
                0x08000218                set_CW_frequency
                0x080004a8                calculate_F_step
                0x08000734                calculate_start_stop_F_N
                0x08000968                calculate_frequency_step
                0x080009f6                calculate_start_and_stop_frequency
                0x08000a2e                sweep_init
                0x08000b08                sweep_single
 *fill*         0x08000cb4        0x4 
 .text          0x08000cb8      0x518 obj\debug\src\lmx2491.o
                0x08000cb8                send_LMX2491
                0x08000d98                read_LMX2491
                0x08000e8c                init_LMX2491
                0x08000f5c                setup_ramp_0
                0x08001000                enable_sweep_mode
                0x08001020                enable_CW_mode
                0x08001030                change_F_LMX2491
                0x0800107a                set_CW_frequency_LMX2491
                0x08001168                read_lock_status_LMX2491
 .text          0x080011d0      0x4f0 obj\debug\src\main.o
                0x080011d0                main
                0x08001354                init
                0x08001568                NMI_Handler
                0x0800156e                HardFault_Handler
                0x08001574                BusFault_Handler
                0x0800157a                UsageFault_Handler
                0x08001580                USART1_IRQHandler
                0x08001658                SPI1_IRQHandler
 .text          0x080016c0      0x59c obj\debug\src\max2870.o
                0x080016c0                send_MAX2870_SA
                0x0800174c                send_MAX2870_double
                0x0800182c                init_MAX2870_SA
                0x08001998                init_MAX2870_double
                0x08001b80                read_lock_status_MAX2870_SA
                0x08001bec                read_lock_status_MAX2870_TG
 .text          0x08001c5c      0x130 obj\debug\src\pe43711.o
                0x08001c5c                send_attenuator_SA
                0x08001ce0                send_attenuator_TG
                0x08001d64                init_attenuators
 .text          0x08001d8c      0x51c obj\debug\src\shift_reg.o
                0x08001d8c                packDataToRegisters
                0x08001f28                init_shift_reg
                0x08002000                sendDataToShiftRegisters
                0x08002200                LEDShiftRegister
 .text          0x080022a8      0x130 obj\debug\src\delay.o
                0x080022a8                timer6_init
                0x080022dc                delay_ms
                0x08002338                timer7_init
                0x0800236c                delay_us
                0x080023c8                init_delay
 .text          0x080023d8      0x748 obj\debug\src\stuw81300.o
                0x080023d8                send_STUW81300
                0x080024c2                read_STUW81300
                0x080025ba                init_STUW81300
                0x080025ec                startup_STUW81300
                0x0800265c                change_N_STUW81300
                0x080026a0                change_F_STUW81300
                0x080026e0                set_N_division_int_mode
                0x08002720                set_CW_frequency_STUW81300
                0x080028fc                read_status_STUW81300
                0x08002ab8                read_lock_status_STUW81300
 .text          0x08002b20       0xe0 obj\debug\src\system_stm32g4xx.o
                0x08002b20                SystemInit
                0x08002b2c                SystemCoreClockUpdate
 .text          0x08002c00      0xa94 obj\debug\src\usart.o
                0x08002c8c                init_usart
                0x08002cfc                usart_send_string
                0x08002d48                usart_send_byte
                0x08002d78                int_to_dec_string
                0x08002e2c                int_to_hex_string
                0x08002e9c                string_to_int
                0x08002f94                int_to_bin_string
                0x0800300c                register_bin_to_int
                0x0800305e                register_hex_to_int
                0x080030e4                compare_string
                0x08003132                command_decode
 .text          0x08003694      0x378 c:/program files (x86)/embitz/2.60/share/armgcc/bin/../lib/gcc/arm-none-eabi/9.3.1/thumb/v7e-m/nofp\libgcc.a(_arm_addsubdf3.o)
                0x08003694                __aeabi_drsub
                0x0800369c                __aeabi_dsub
                0x0800369c                __subdf3
                0x080036a0                __aeabi_dadd
                0x080036a0                __adddf3
                0x08003918                __floatunsidf
                0x08003918                __aeabi_ui2d
                0x08003938                __floatsidf
                0x08003938                __aeabi_i2d
                0x0800395c                __aeabi_f2d
                0x0800395c                __extendsfdf2
                0x080039a0                __floatundidf
                0x080039a0                __aeabi_ul2d
                0x080039b0                __floatdidf
                0x080039b0                __aeabi_l2d
 .text          0x08003a0c      0x424 c:/program files (x86)/embitz/2.60/share/armgcc/bin/../lib/gcc/arm-none-eabi/9.3.1/thumb/v7e-m/nofp\libgcc.a(_arm_muldivdf3.o)
                0x08003a0c                __aeabi_dmul
                0x08003a0c                __muldf3
                0x08003c60                __divdf3
                0x08003c60                __aeabi_ddiv
 .text          0x08003e30       0x40 c:/program files (x86)/embitz/2.60/share/armgcc/bin/../lib/gcc/arm-none-eabi/9.3.1/thumb/v7e-m/nofp\libgcc.a(_arm_fixunsdfsi.o)
                0x08003e30                __aeabi_d2uiz
                0x08003e30                __fixunsdfsi
 .text          0x08003e70       0xa0 c:/program files (x86)/embitz/2.60/share/armgcc/bin/../lib/gcc/arm-none-eabi/9.3.1/thumb/v7e-m/nofp\libgcc.a(_arm_truncdfsf2.o)
                0x08003e70                __truncdfsf2
                0x08003e70                __aeabi_d2f
 .text          0x08003f10      0x21c c:/program files (x86)/embitz/2.60/share/armgcc/bin/../lib/gcc/arm-none-eabi/9.3.1/thumb/v7e-m/nofp\libgcc.a(_arm_addsubsf3.o)
                0x08003f10                __aeabi_frsub
                0x08003f18                __subsf3
                0x08003f18                __aeabi_fsub
                0x08003f1c                __aeabi_fadd
                0x08003f1c                __addsf3
                0x0800407c                __aeabi_ui2f
                0x0800407c                __floatunsisf
                0x08004084                __aeabi_i2f
                0x08004084                __floatsisf
                0x080040a0                __aeabi_ul2f
                0x080040a0                __floatundisf
                0x080040b0                __aeabi_l2f
                0x080040b0                __floatdisf
 .text          0x0800412c      0x2a0 c:/program files (x86)/embitz/2.60/share/armgcc/bin/../lib/gcc/arm-none-eabi/9.3.1/thumb/v7e-m/nofp\libgcc.a(_arm_muldivsf3.o)
                0x0800412c                __mulsf3
                0x0800412c                __aeabi_fmul
                0x08004294                __aeabi_fdiv
                0x08004294                __divsf3
 .text          0x080043cc       0x4c c:/program files (x86)/embitz/2.60/share/armgcc/bin/../lib/gcc/arm-none-eabi/9.3.1/thumb/v7e-m/nofp\libgcc.a(_arm_fixsfsi.o)
                0x080043cc                __aeabi_f2iz
                0x080043cc                __fixsfsi
 .text          0x08004418       0x40 c:/program files (x86)/embitz/2.60/share/armgcc/bin/../lib/gcc/arm-none-eabi/9.3.1/thumb/v7e-m/nofp\libgcc.a(_arm_fixunssfsi.o)
                0x08004418                __fixunssfsi
                0x08004418                __aeabi_f2uiz
 .text          0x08004458       0xa0 c:/program files (x86)/embitz/2.60/share/armgcc/bin/../lib/gcc/arm-none-eabi/9.3.1/thumb/v7e-m/nofp\libgcc.a(_aeabi_ldivmod.o)
                0x08004458                __aeabi_ldivmod
 .text          0x080044f8       0x28 c:/program files (x86)/embitz/2.60/share/armgcc/bin/../lib/gcc/arm-none-eabi/9.3.1/thumb/v7e-m/nofp\libgcc.a(_fixsfdi.o)
                0x080044f8                __fixsfdi
                0x080044f8                __aeabi_f2lz
 .text          0x08004520       0x40 c:/program files (x86)/embitz/2.60/share/armgcc/bin/../lib/gcc/arm-none-eabi/9.3.1/thumb/v7e-m/nofp\libgcc.a(_fixunssfdi.o)
                0x08004520                __fixunssfdi
                0x08004520                __aeabi_f2ulz
 .text          0x08004560      0x2c0 c:/program files (x86)/embitz/2.60/share/armgcc/bin/../lib/gcc/arm-none-eabi/9.3.1/thumb/v7e-m/nofp\libgcc.a(_udivmoddi4.o)
                0x08004560                __udivmoddi4
 .text          0x08004820        0x4 c:/program files (x86)/embitz/2.60/share/armgcc/bin/../lib/gcc/arm-none-eabi/9.3.1/thumb/v7e-m/nofp\libgcc.a(_dvmd_tls.o)
                0x08004820                __aeabi_idiv0
                0x08004820                __aeabi_ldiv0
 .text          0x08004824       0xec c:/program files (x86)/embitz/2.60/share/armgcc/bin/../lib/gcc/arm-none-eabi/9.3.1/thumb/v7e-m/nofp\libgcc.a(_arm_cmpsf2.o)
                0x08004824                __gesf2
                0x08004824                __gtsf2
                0x0800482c                __lesf2
                0x0800482c                __ltsf2
                0x08004834                __nesf2
                0x08004834                __eqsf2
                0x08004834                __cmpsf2
                0x08004894                __aeabi_cfrcmple
                0x0800489c                __aeabi_cfcmpeq
                0x0800489c                __aeabi_cfcmple
                0x080048ac                __aeabi_fcmpeq
                0x080048c0                __aeabi_fcmplt
                0x080048d4                __aeabi_fcmple
                0x080048e8                __aeabi_fcmpge
                0x080048fc                __aeabi_fcmpgt
 *(.text*)
 .text.Reset_Handler
                0x08004910       0x4c obj\debug\src\startup_stm32g441xx.o
                0x08004910                Reset_Handler
 .text.Default_Handler
                0x0800495c        0x2 obj\debug\src\startup_stm32g441xx.o
                0x0800495c                RTC_Alarm_IRQHandler
                0x0800495c                EXTI2_IRQHandler
                0x0800495c                TIM8_TRG_COM_IRQHandler
                0x0800495c                TIM8_CC_IRQHandler
                0x0800495c                DebugMon_Handler
                0x0800495c                TIM1_CC_IRQHandler
                0x0800495c                USB_HP_IRQHandler
                0x0800495c                CORDIC_IRQHandler
                0x0800495c                SysTick_Handler
                0x0800495c                PendSV_Handler
                0x0800495c                EXTI3_IRQHandler
                0x0800495c                I2C3_ER_IRQHandler
                0x0800495c                EXTI0_IRQHandler
                0x0800495c                I2C2_EV_IRQHandler
                0x0800495c                FPU_IRQHandler
                0x0800495c                FDCAN1_IT1_IRQHandler
                0x0800495c                TIM1_UP_TIM16_IRQHandler
                0x0800495c                ADC1_2_IRQHandler
                0x0800495c                TIM6_DAC_IRQHandler
                0x0800495c                TIM8_UP_IRQHandler
                0x0800495c                DMA2_Channel2_IRQHandler
                0x0800495c                DMA1_Channel4_IRQHandler
                0x0800495c                USART3_IRQHandler
                0x0800495c                TIM4_IRQHandler
                0x0800495c                DMA2_Channel1_IRQHandler
                0x0800495c                I2C1_EV_IRQHandler
                0x0800495c                DMA1_Channel6_IRQHandler
                0x0800495c                UART4_IRQHandler
                0x0800495c                DMA2_Channel4_IRQHandler
                0x0800495c                TIM3_IRQHandler
                0x0800495c                RCC_IRQHandler
                0x0800495c                DMA1_Channel1_IRQHandler
                0x0800495c                Default_Handler
                0x0800495c                RTC_TAMP_LSECSS_IRQHandler
                0x0800495c                FMAC_IRQHandler
                0x0800495c                EXTI15_10_IRQHandler
                0x0800495c                TIM7_IRQHandler
                0x0800495c                UCPD1_IRQHandler
                0x0800495c                I2C3_EV_IRQHandler
                0x0800495c                EXTI9_5_IRQHandler
                0x0800495c                RTC_WKUP_IRQHandler
                0x0800495c                PVD_PVM_IRQHandler
                0x0800495c                SPI2_IRQHandler
                0x0800495c                MemManage_Handler
                0x0800495c                SVC_Handler
                0x0800495c                DMA2_Channel5_IRQHandler
                0x0800495c                CRS_IRQHandler
                0x0800495c                DMA1_Channel5_IRQHandler
                0x0800495c                USB_LP_IRQHandler
                0x0800495c                EXTI4_IRQHandler
                0x0800495c                RNG_IRQHandler
                0x0800495c                TIM1_TRG_COM_TIM17_IRQHandler
                0x0800495c                DMA1_Channel3_IRQHandler
                0x0800495c                WWDG_IRQHandler
                0x0800495c                LPUART1_IRQHandler
                0x0800495c                DMA2_Channel6_IRQHandler
                0x0800495c                FDCAN1_IT0_IRQHandler
                0x0800495c                TIM2_IRQHandler
                0x0800495c                COMP1_2_3_IRQHandler
                0x0800495c                EXTI1_IRQHandler
                0x0800495c                AES_IRQHandler
                0x0800495c                USART2_IRQHandler
                0x0800495c                I2C2_ER_IRQHandler
                0x0800495c                DMA1_Channel2_IRQHandler
                0x0800495c                TIM8_BRK_IRQHandler
                0x0800495c                FLASH_IRQHandler
                0x0800495c                SPI3_IRQHandler
                0x0800495c                I2C1_ER_IRQHandler
                0x0800495c                LPTIM1_IRQHandler
                0x0800495c                DMAMUX_OVR_IRQHandler
                0x0800495c                USBWakeUp_IRQHandler
                0x0800495c                SAI1_IRQHandler
                0x0800495c                DMA2_Channel3_IRQHandler
                0x0800495c                COMP4_IRQHandler
                0x0800495c                TIM1_BRK_TIM15_IRQHandler
 *(.glue_7)
 .glue_7        0x0800495e        0x0 linker stubs
 *(.glue_7t)
 .glue_7t       0x0800495e        0x0 linker stubs
 *(.eh_frame)
 *fill*         0x0800495e        0x2 
 .eh_frame      0x08004960        0x0 c:/program files (x86)/embitz/2.60/share/armgcc/bin/../lib/gcc/arm-none-eabi/9.3.1/thumb/v7e-m/nofp/crtbegin.o
 *(.init)
 .init          0x08004960        0x4 c:/program files (x86)/embitz/2.60/share/armgcc/bin/../lib/gcc/arm-none-eabi/9.3.1/thumb/v7e-m/nofp/crti.o
                0x08004960                _init
 .init          0x08004964        0x8 c:/program files (x86)/embitz/2.60/share/armgcc/bin/../lib/gcc/arm-none-eabi/9.3.1/thumb/v7e-m/nofp/crtn.o
 *(.fini)
 .fini          0x0800496c        0x4 c:/program files (x86)/embitz/2.60/share/armgcc/bin/../lib/gcc/arm-none-eabi/9.3.1/thumb/v7e-m/nofp/crti.o
                0x0800496c                _fini
 .fini          0x08004970        0x8 c:/program files (x86)/embitz/2.60/share/armgcc/bin/../lib/gcc/arm-none-eabi/9.3.1/thumb/v7e-m/nofp/crtn.o
                0x08004978                . = ALIGN (0x4)
                0x08004978                _etext = .

.vfp11_veneer   0x08004978        0x0
 .vfp11_veneer  0x08004978        0x0 linker stubs

.v4_bx          0x08004978        0x0
 .v4_bx         0x08004978        0x0 linker stubs

.iplt           0x08004978        0x0
 .iplt          0x08004978        0x0 c:/program files (x86)/embitz/2.60/share/armgcc/bin/../lib/gcc/arm-none-eabi/9.3.1/thumb/v7e-m/nofp/crtbegin.o

.rodata         0x08004978      0x550
                0x08004978                . = ALIGN (0x4)
 *(.rodata)
 .rodata        0x08004978       0x48 obj\debug\src\lmx2491.o
 .rodata        0x080049c0       0xd7 obj\debug\src\main.o
 *fill*         0x08004a97        0x1 
 .rodata        0x08004a98       0x78 obj\debug\src\max2870.o
 .rodata        0x08004b10      0x198 obj\debug\src\stuw81300.o
 .rodata        0x08004ca8       0x18 obj\debug\src\system_stm32g4xx.o
                0x08004ca8                AHBPrescTable
                0x08004cb8                APBPrescTable
 .rodata        0x08004cc0      0x206 obj\debug\src\usart.o
 *(.rodata*)
                0x08004ec8                . = ALIGN (0x4)
 *fill*         0x08004ec6        0x2 

.ARM.extab
 *(.ARM.extab* .gnu.linkonce.armextab.*)

.ARM            0x08004ec8        0x8
                0x08004ec8                __exidx_start = .
 *(.ARM.exidx*)
 .ARM.exidx     0x08004ec8        0x8 c:/program files (x86)/embitz/2.60/share/armgcc/bin/../lib/gcc/arm-none-eabi/9.3.1/thumb/v7e-m/nofp\libgcc.a(_udivmoddi4.o)
                0x08004ed0                __exidx_end = .

.rel.dyn        0x08004ed0        0x0
 .rel.iplt      0x08004ed0        0x0 c:/program files (x86)/embitz/2.60/share/armgcc/bin/../lib/gcc/arm-none-eabi/9.3.1/thumb/v7e-m/nofp/crtbegin.o

.preinit_array  0x08004ed0        0x0
                0x08004ed0                PROVIDE (__preinit_array_start = .)
 *(.preinit_array*)
                0x08004ed0                PROVIDE (__preinit_array_end = .)

.init_array     0x08004ed0        0x4
                0x08004ed0                PROVIDE (__init_array_start = .)
 *(SORT_BY_NAME(.init_array.*))
 *(.init_array*)
 .init_array    0x08004ed0        0x4 c:/program files (x86)/embitz/2.60/share/armgcc/bin/../lib/gcc/arm-none-eabi/9.3.1/thumb/v7e-m/nofp/crtbegin.o
                0x08004ed4                PROVIDE (__init_array_end = .)

.fini_array     0x08004ed4        0x4
                [!provide]                PROVIDE (__fini_array_start = .)
 *(SORT_BY_NAME(.fini_array.*))
 *(.fini_array*)
 .fini_array    0x08004ed4        0x4 c:/program files (x86)/embitz/2.60/share/armgcc/bin/../lib/gcc/arm-none-eabi/9.3.1/thumb/v7e-m/nofp/crtbegin.o
                [!provide]                PROVIDE (__fini_array_end = .)
                0x08004ed8                _sidata = LOADADDR (.data)

.data           0x20000000       0x1c load address 0x08004ed8
                0x20000000                . = ALIGN (0x4)
                0x20000000                _sdata = .
 *(.data)
 .data          0x20000000        0x8 obj\debug\src\lmx2491.o
                0x20000000                R_FREQ
 .data          0x20000008        0x8 obj\debug\src\main.o
                0x20000008                num_of_points
                0x2000000c                data_send
 .data          0x20000010        0x8 obj\debug\src\stuw81300.o
                0x20000010                ST1
                0x20000014                ST0
 .data          0x20000018        0x4 obj\debug\src\system_stm32g4xx.o
                0x20000018                SystemCoreClock
 *(.data*)
                0x2000001c                . = ALIGN (0x4)
                0x2000001c                _edata = .

.igot.plt       0x2000001c        0x0 load address 0x08004ef4
 .igot.plt      0x2000001c        0x0 c:/program files (x86)/embitz/2.60/share/armgcc/bin/../lib/gcc/arm-none-eabi/9.3.1/thumb/v7e-m/nofp/crtbegin.o
                0x2000001c                . = ALIGN (0x4)

.bss            0x2000001c      0x10c load address 0x08004ef4
                0x2000001c                _sbss = .
                0x2000001c                __bss_start__ = _sbss
 *(.bss)
 .bss           0x2000001c       0x1c c:/program files (x86)/embitz/2.60/share/armgcc/bin/../lib/gcc/arm-none-eabi/9.3.1/thumb/v7e-m/nofp/crtbegin.o
 .bss           0x20000038        0xe obj\debug\src\main.o
                0x20000038                buff_index
                0x2000003c                decode_command
                0x20000040                num_of_points_count
                0x20000044                counter
 *(.bss*)
 *(COMMON)
 *fill*         0x20000046        0x2 
 COMMON         0x20000048       0x3c obj\debug\src\frequency_control.o
                0x20000048                frequencySweep
 COMMON         0x20000084       0x14 obj\debug\src\main.o
                0x20000084                buffer
 COMMON         0x20000098       0x6c obj\debug\src\max2870.o
                0x20000098                MAX2870_PLL_SA
                0x200000bc                MAX2870_reg
                0x200000e0                MAX2870_PLL_TG
 COMMON         0x20000104       0x23 obj\debug\src\shift_reg.o
                0x20000104                shift_reg
                0x20000128                . = ALIGN (0x4)
 *fill*         0x20000127        0x1 
                0x20000128                _ebss = .
                0x20000128                __bss_end__ = _ebss

.heap           0x20000128        0x0 load address 0x08004ef4
                0x20000128                . = ALIGN (0x4)
                [!provide]                PROVIDE (end = .)
                [!provide]                PROVIDE (_end = .)
 *(.heap*)
                0x20000128                . = (. + _Min_Heap_Size)
                0x20000128                __HeapLimit = .
                0x20000128                . = ALIGN (0x4)

.ARM.attributes
                0x00000000       0x2a
 *(.ARM.attributes)
 .ARM.attributes
                0x00000000       0x1e c:/program files (x86)/embitz/2.60/share/armgcc/bin/../lib/gcc/arm-none-eabi/9.3.1/thumb/v7e-m/nofp/crti.o
 .ARM.attributes
                0x0000001e       0x2e c:/program files (x86)/embitz/2.60/share/armgcc/bin/../lib/gcc/arm-none-eabi/9.3.1/thumb/v7e-m/nofp/crtbegin.o
 .ARM.attributes
                0x0000004c       0x21 obj\debug\src\startup_stm32g441xx.o
 .ARM.attributes
                0x0000006d       0x2e obj\debug\src\frequency_control.o
 .ARM.attributes
                0x0000009b       0x2e obj\debug\src\lmx2491.o
 .ARM.attributes
                0x000000c9       0x2e obj\debug\src\main.o
 .ARM.attributes
                0x000000f7       0x2e obj\debug\src\max2870.o
 .ARM.attributes
                0x00000125       0x2e obj\debug\src\pe43711.o
 .ARM.attributes
                0x00000153       0x2e obj\debug\src\shift_reg.o
 .ARM.attributes
                0x00000181       0x2e obj\debug\src\delay.o
 .ARM.attributes
                0x000001af       0x2e obj\debug\src\stuw81300.o
 .ARM.attributes
                0x000001dd       0x2e obj\debug\src\system_stm32g4xx.o
 .ARM.attributes
                0x0000020b       0x2e obj\debug\src\usart.o
 .ARM.attributes
                0x00000239       0x1e c:/program files (x86)/embitz/2.60/share/armgcc/bin/../lib/gcc/arm-none-eabi/9.3.1/thumb/v7e-m/nofp\libgcc.a(_arm_addsubdf3.o)
 .ARM.attributes
                0x00000257       0x1e c:/program files (x86)/embitz/2.60/share/armgcc/bin/../lib/gcc/arm-none-eabi/9.3.1/thumb/v7e-m/nofp\libgcc.a(_arm_muldivdf3.o)
 .ARM.attributes
                0x00000275       0x1e c:/program files (x86)/embitz/2.60/share/armgcc/bin/../lib/gcc/arm-none-eabi/9.3.1/thumb/v7e-m/nofp\libgcc.a(_arm_fixunsdfsi.o)
 .ARM.attributes
                0x00000293       0x1e c:/program files (x86)/embitz/2.60/share/armgcc/bin/../lib/gcc/arm-none-eabi/9.3.1/thumb/v7e-m/nofp\libgcc.a(_arm_truncdfsf2.o)
 .ARM.attributes
                0x000002b1       0x1e c:/program files (x86)/embitz/2.60/share/armgcc/bin/../lib/gcc/arm-none-eabi/9.3.1/thumb/v7e-m/nofp\libgcc.a(_arm_addsubsf3.o)
 .ARM.attributes
                0x000002cf       0x1e c:/program files (x86)/embitz/2.60/share/armgcc/bin/../lib/gcc/arm-none-eabi/9.3.1/thumb/v7e-m/nofp\libgcc.a(_arm_muldivsf3.o)
 .ARM.attributes
                0x000002ed       0x1e c:/program files (x86)/embitz/2.60/share/armgcc/bin/../lib/gcc/arm-none-eabi/9.3.1/thumb/v7e-m/nofp\libgcc.a(_arm_fixsfsi.o)
 .ARM.attributes
                0x0000030b       0x1e c:/program files (x86)/embitz/2.60/share/armgcc/bin/../lib/gcc/arm-none-eabi/9.3.1/thumb/v7e-m/nofp\libgcc.a(_arm_fixunssfsi.o)
 .ARM.attributes
                0x00000329       0x1e c:/program files (x86)/embitz/2.60/share/armgcc/bin/../lib/gcc/arm-none-eabi/9.3.1/thumb/v7e-m/nofp\libgcc.a(_aeabi_ldivmod.o)
 .ARM.attributes
                0x00000347       0x2e c:/program files (x86)/embitz/2.60/share/armgcc/bin/../lib/gcc/arm-none-eabi/9.3.1/thumb/v7e-m/nofp\libgcc.a(_fixsfdi.o)
 .ARM.attributes
                0x00000375       0x2e c:/program files (x86)/embitz/2.60/share/armgcc/bin/../lib/gcc/arm-none-eabi/9.3.1/thumb/v7e-m/nofp\libgcc.a(_fixunssfdi.o)
 .ARM.attributes
                0x000003a3       0x2e c:/program files (x86)/embitz/2.60/share/armgcc/bin/../lib/gcc/arm-none-eabi/9.3.1/thumb/v7e-m/nofp\libgcc.a(_udivmoddi4.o)
 .ARM.attributes
                0x000003d1       0x1e c:/program files (x86)/embitz/2.60/share/armgcc/bin/../lib/gcc/arm-none-eabi/9.3.1/thumb/v7e-m/nofp\libgcc.a(_dvmd_tls.o)
 .ARM.attributes
                0x000003ef       0x1e c:/program files (x86)/embitz/2.60/share/armgcc/bin/../lib/gcc/arm-none-eabi/9.3.1/thumb/v7e-m/nofp\libgcc.a(_arm_cmpsf2.o)
 .ARM.attributes
                0x0000040d       0x1e c:/program files (x86)/embitz/2.60/share/armgcc/bin/../lib/gcc/arm-none-eabi/9.3.1/thumb/v7e-m/nofp/crtn.o
                0x20007f00                __StackLimit = (_estack - _Min_Stack_Size)
                0x00000001                ASSERT ((__StackLimit >= __HeapLimit), Region RAM overflowed with stack)
LOAD obj\debug\src\startup_stm32g441xx.o
LOAD obj\debug\src\frequency_control.o
LOAD obj\debug\src\lmx2491.o
LOAD obj\debug\src\main.o
LOAD obj\debug\src\max2870.o
LOAD obj\debug\src\pe43711.o
LOAD obj\debug\src\shift_reg.o
LOAD obj\debug\src\spi_comm.o
LOAD obj\debug\src\delay.o
LOAD obj\debug\src\stuw81300.o
LOAD obj\debug\src\system_stm32g4xx.o
LOAD obj\debug\src\usart.o
START GROUP
LOAD c:/program files (x86)/embitz/2.60/share/armgcc/bin/../lib/gcc/arm-none-eabi/9.3.1/thumb/v7e-m/nofp\libgcc.a
LOAD c:/program files (x86)/embitz/2.60/share/armgcc/bin/../lib/gcc/arm-none-eabi/9.3.1/../../../../arm-none-eabi/lib/thumb/v7e-m/nofp\libg_nano.a
LOAD c:/program files (x86)/embitz/2.60/share/armgcc/bin/../lib/gcc/arm-none-eabi/9.3.1/../../../../arm-none-eabi/lib/thumb/v7e-m/nofp\libc_nano.a
END GROUP
START GROUP
LOAD c:/program files (x86)/embitz/2.60/share/armgcc/bin/../lib/gcc/arm-none-eabi/9.3.1/thumb/v7e-m/nofp\libgcc.a
LOAD c:/program files (x86)/embitz/2.60/share/armgcc/bin/../lib/gcc/arm-none-eabi/9.3.1/../../../../arm-none-eabi/lib/thumb/v7e-m/nofp\libc_nano.a
LOAD c:/program files (x86)/embitz/2.60/share/armgcc/bin/../lib/gcc/arm-none-eabi/9.3.1/../../../../arm-none-eabi/lib/thumb/v7e-m/nofp\libnosys.a
END GROUP
START GROUP
LOAD c:/program files (x86)/embitz/2.60/share/armgcc/bin/../lib/gcc/arm-none-eabi/9.3.1/thumb/v7e-m/nofp\libgcc.a
LOAD c:/program files (x86)/embitz/2.60/share/armgcc/bin/../lib/gcc/arm-none-eabi/9.3.1/../../../../arm-none-eabi/lib/thumb/v7e-m/nofp\libc_nano.a
LOAD c:/program files (x86)/embitz/2.60/share/armgcc/bin/../lib/gcc/arm-none-eabi/9.3.1/../../../../arm-none-eabi/lib/thumb/v7e-m/nofp\libnosys.a
END GROUP
LOAD c:/program files (x86)/embitz/2.60/share/armgcc/bin/../lib/gcc/arm-none-eabi/9.3.1/thumb/v7e-m/nofp/crtend.o
LOAD c:/program files (x86)/embitz/2.60/share/armgcc/bin/../lib/gcc/arm-none-eabi/9.3.1/thumb/v7e-m/nofp/crtn.o
OUTPUT(bin\Debug\SA2_LukaP.elf elf32-littlearm)
LOAD linker stubs

.debug_line     0x00000000     0x22ed
 .debug_line    0x00000000       0x7a obj\debug\src\startup_stm32g441xx.o
 .debug_line    0x0000007a      0x513 obj\debug\src\frequency_control.o
 .debug_line    0x0000058d      0x2d2 obj\debug\src\lmx2491.o
 .debug_line    0x0000085f      0x3ad obj\debug\src\main.o
 .debug_line    0x00000c0c      0x2dd obj\debug\src\max2870.o
 .debug_line    0x00000ee9      0x20d obj\debug\src\pe43711.o
 .debug_line    0x000010f6      0x3f1 obj\debug\src\shift_reg.o
 .debug_line    0x000014e7      0x1e7 obj\debug\src\delay.o
 .debug_line    0x000016ce      0x3e6 obj\debug\src\stuw81300.o
 .debug_line    0x00001ab4      0x1ae obj\debug\src\system_stm32g4xx.o
 .debug_line    0x00001c62      0x68b obj\debug\src\usart.o

.debug_info     0x00000000     0x49f1
 .debug_info    0x00000000       0x22 obj\debug\src\startup_stm32g441xx.o
 .debug_info    0x00000022      0x688 obj\debug\src\frequency_control.o
 .debug_info    0x000006aa      0x3e3 obj\debug\src\lmx2491.o
 .debug_info    0x00000a8d      0xb2f obj\debug\src\main.o
 .debug_info    0x000015bc      0x5d7 obj\debug\src\max2870.o
 .debug_info    0x00001b93      0x36e obj\debug\src\pe43711.o
 .debug_info    0x00001f01      0x4d8 obj\debug\src\shift_reg.o
 .debug_info    0x000023d9      0x5b2 obj\debug\src\delay.o
 .debug_info    0x0000298b      0x45c obj\debug\src\stuw81300.o
 .debug_info    0x00002de7      0x403 obj\debug\src\system_stm32g4xx.o
 .debug_info    0x000031ea     0x1807 obj\debug\src\usart.o

.debug_abbrev   0x00000000     0x10ae
 .debug_abbrev  0x00000000       0x12 obj\debug\src\startup_stm32g441xx.o
 .debug_abbrev  0x00000012      0x1a9 obj\debug\src\frequency_control.o
 .debug_abbrev  0x000001bb      0x18d obj\debug\src\lmx2491.o
 .debug_abbrev  0x00000348      0x1a1 obj\debug\src\main.o
 .debug_abbrev  0x000004e9      0x1a6 obj\debug\src\max2870.o
 .debug_abbrev  0x0000068f      0x124 obj\debug\src\pe43711.o
 .debug_abbrev  0x000007b3      0x19c obj\debug\src\shift_reg.o
 .debug_abbrev  0x0000094f      0x151 obj\debug\src\delay.o
 .debug_abbrev  0x00000aa0      0x19e obj\debug\src\stuw81300.o
 .debug_abbrev  0x00000c3e      0x126 obj\debug\src\system_stm32g4xx.o
 .debug_abbrev  0x00000d64      0x34a obj\debug\src\usart.o

.debug_aranges  0x00000000      0x168
 .debug_aranges
                0x00000000       0x28 obj\debug\src\startup_stm32g441xx.o
 .debug_aranges
                0x00000028       0x20 obj\debug\src\frequency_control.o
 .debug_aranges
                0x00000048       0x20 obj\debug\src\lmx2491.o
 .debug_aranges
                0x00000068       0x20 obj\debug\src\main.o
 .debug_aranges
                0x00000088       0x20 obj\debug\src\max2870.o
 .debug_aranges
                0x000000a8       0x20 obj\debug\src\pe43711.o
 .debug_aranges
                0x000000c8       0x20 obj\debug\src\shift_reg.o
 .debug_aranges
                0x000000e8       0x20 obj\debug\src\delay.o
 .debug_aranges
                0x00000108       0x20 obj\debug\src\stuw81300.o
 .debug_aranges
                0x00000128       0x20 obj\debug\src\system_stm32g4xx.o
 .debug_aranges
                0x00000148       0x20 obj\debug\src\usart.o

.debug_str      0x00000000     0x16ad
 .debug_str     0x00000000       0x71 obj\debug\src\startup_stm32g441xx.o
 .debug_str     0x00000071      0x4ac obj\debug\src\frequency_control.o
                                0x54c (size before relaxing)
 .debug_str     0x0000051d       0xed obj\debug\src\lmx2491.o
                                0x317 (size before relaxing)
 .debug_str     0x0000060a      0x322 obj\debug\src\main.o
                                0x6ad (size before relaxing)
 .debug_str     0x0000092c       0xfd obj\debug\src\max2870.o
                                0x487 (size before relaxing)
 .debug_str     0x00000a29       0x45 obj\debug\src\pe43711.o
                                0x37d (size before relaxing)
 .debug_str     0x00000a6e       0x72 obj\debug\src\shift_reg.o
                                0x3dc (size before relaxing)
 .debug_str     0x00000ae0       0xa1 obj\debug\src\delay.o
                                0x3be (size before relaxing)
 .debug_str     0x00000b81       0xf8 obj\debug\src\stuw81300.o
                                0x350 (size before relaxing)
 .debug_str     0x00000c79       0x53 obj\debug\src\system_stm32g4xx.o
                                0x370 (size before relaxing)
 .debug_str     0x00000ccc      0x9e1 obj\debug\src\usart.o
                                0xd95 (size before relaxing)

.debug_ranges   0x00000000       0x38
 .debug_ranges  0x00000000       0x20 obj\debug\src\startup_stm32g441xx.o
 .debug_ranges  0x00000020       0x18 obj\debug\src\main.o

.comment        0x00000000       0x4c
 .comment       0x00000000       0x4c obj\debug\src\frequency_control.o
                                 0x4d (size before relaxing)
 .comment       0x0000004c       0x4d obj\debug\src\lmx2491.o
 .comment       0x0000004c       0x4d obj\debug\src\main.o
 .comment       0x0000004c       0x4d obj\debug\src\max2870.o
 .comment       0x0000004c       0x4d obj\debug\src\pe43711.o
 .comment       0x0000004c       0x4d obj\debug\src\shift_reg.o
 .comment       0x0000004c       0x4d obj\debug\src\delay.o
 .comment       0x0000004c       0x4d obj\debug\src\stuw81300.o
 .comment       0x0000004c       0x4d obj\debug\src\system_stm32g4xx.o
 .comment       0x0000004c       0x4d obj\debug\src\usart.o

.debug_frame    0x00000000      0xdac
 .debug_frame   0x00000000      0x140 obj\debug\src\frequency_control.o
 .debug_frame   0x00000140      0x148 obj\debug\src\lmx2491.o
 .debug_frame   0x00000288       0xf4 obj\debug\src\main.o
 .debug_frame   0x0000037c       0xd8 obj\debug\src\max2870.o
 .debug_frame   0x00000454       0x74 obj\debug\src\pe43711.o
 .debug_frame   0x000004c8       0xa0 obj\debug\src\shift_reg.o
 .debug_frame   0x00000568       0xbc obj\debug\src\delay.o
 .debug_frame   0x00000624      0x170 obj\debug\src\stuw81300.o
 .debug_frame   0x00000794       0x58 obj\debug\src\system_stm32g4xx.o
 .debug_frame   0x000007ec      0x214 obj\debug\src\usart.o
 .debug_frame   0x00000a00       0xac c:/program files (x86)/embitz/2.60/share/armgcc/bin/../lib/gcc/arm-none-eabi/9.3.1/thumb/v7e-m/nofp\libgcc.a(_arm_addsubdf3.o)
 .debug_frame   0x00000aac       0x50 c:/program files (x86)/embitz/2.60/share/armgcc/bin/../lib/gcc/arm-none-eabi/9.3.1/thumb/v7e-m/nofp\libgcc.a(_arm_muldivdf3.o)
 .debug_frame   0x00000afc       0x24 c:/program files (x86)/embitz/2.60/share/armgcc/bin/../lib/gcc/arm-none-eabi/9.3.1/thumb/v7e-m/nofp\libgcc.a(_arm_fixunsdfsi.o)
 .debug_frame   0x00000b20       0x24 c:/program files (x86)/embitz/2.60/share/armgcc/bin/../lib/gcc/arm-none-eabi/9.3.1/thumb/v7e-m/nofp\libgcc.a(_arm_truncdfsf2.o)
 .debug_frame   0x00000b44       0x4c c:/program files (x86)/embitz/2.60/share/armgcc/bin/../lib/gcc/arm-none-eabi/9.3.1/thumb/v7e-m/nofp\libgcc.a(_arm_addsubsf3.o)
 .debug_frame   0x00000b90       0x38 c:/program files (x86)/embitz/2.60/share/armgcc/bin/../lib/gcc/arm-none-eabi/9.3.1/thumb/v7e-m/nofp\libgcc.a(_arm_muldivsf3.o)
 .debug_frame   0x00000bc8       0x24 c:/program files (x86)/embitz/2.60/share/armgcc/bin/../lib/gcc/arm-none-eabi/9.3.1/thumb/v7e-m/nofp\libgcc.a(_arm_fixsfsi.o)
 .debug_frame   0x00000bec       0x24 c:/program files (x86)/embitz/2.60/share/armgcc/bin/../lib/gcc/arm-none-eabi/9.3.1/thumb/v7e-m/nofp\libgcc.a(_arm_fixunssfsi.o)
 .debug_frame   0x00000c10       0x44 c:/program files (x86)/embitz/2.60/share/armgcc/bin/../lib/gcc/arm-none-eabi/9.3.1/thumb/v7e-m/nofp\libgcc.a(_aeabi_ldivmod.o)
 .debug_frame   0x00000c54       0x30 c:/program files (x86)/embitz/2.60/share/armgcc/bin/../lib/gcc/arm-none-eabi/9.3.1/thumb/v7e-m/nofp\libgcc.a(_fixsfdi.o)
 .debug_frame   0x00000c84       0x2c c:/program files (x86)/embitz/2.60/share/armgcc/bin/../lib/gcc/arm-none-eabi/9.3.1/thumb/v7e-m/nofp\libgcc.a(_fixunssfdi.o)
 .debug_frame   0x00000cb0       0x34 c:/program files (x86)/embitz/2.60/share/armgcc/bin/../lib/gcc/arm-none-eabi/9.3.1/thumb/v7e-m/nofp\libgcc.a(_udivmoddi4.o)
 .debug_frame   0x00000ce4       0xc8 c:/program files (x86)/embitz/2.60/share/armgcc/bin/../lib/gcc/arm-none-eabi/9.3.1/thumb/v7e-m/nofp\libgcc.a(_arm_cmpsf2.o)
